// Vitest Snapshot v1, https://vitest.dev/guide/snapshot.html

exports[`keeps every wild and pond battle exactly as it played before the shared turn engine 1`] = `
[
  {
    "battle": {
      "creatureId": "golden-embercub-encounter/starter",
      "id": "golden-embercub-encounter/wild/0",
      "log": [
        {
          "actor": "own",
          "burn": 0,
          "dmg": 24,
          "move": "flare",
          "mult": 1.5,
          "skipped": false,
        },
        {
          "actor": "wild",
          "burn": 0,
          "dmg": 4,
          "move": "leaf-cut",
          "mult": 0.5,
          "skipped": false,
        },
      ],
      "outcome": "active",
      "source": "meadow",
      "turn": 1,
      "wild": {
        "anchor": null,
        "charges": {
          "leaf-cut": 5,
          "photosynth": 1,
          "root-bind": 3,
        },
        "guard": false,
        "hp": 4,
        "id": "golden-embercub-encounter/wild/0/creature",
        "nick": "",
        "species": "mossling",
        "statuses": [],
        "xp": 0,
      },
    },
    "own": {
      "anchor": null,
      "charges": {
        "ember-bite": 3,
        "flare": 4,
        "warm-coat": 2,
      },
      "guard": false,
      "hp": 44,
      "id": "golden-embercub-encounter/starter",
      "nick": "",
      "species": "embercub",
      "statuses": [],
      "xp": 40,
    },
    "source": "encounter",
    "species": "embercub",
    "turn": 0,
  },
  {
    "battle": {
      "creatureId": "golden-embercub-encounter/starter",
      "growth": {
        "from": 3,
        "gain": 6,
        "to": 3,
      },
      "id": "golden-embercub-encounter/wild/0",
      "log": [
        {
          "actor": "own",
          "burn": 0,
          "dmg": 17,
          "move": "ember-bite",
          "mult": 1.5,
          "skipped": false,
        },
      ],
      "outcome": "victory",
      "source": "meadow",
      "turn": 2,
      "wild": {
        "anchor": null,
        "charges": {
          "leaf-cut": 5,
          "photosynth": 1,
          "root-bind": 3,
        },
        "guard": false,
        "hp": 0,
        "id": "golden-embercub-encounter/wild/0/creature",
        "nick": "",
        "species": "mossling",
        "statuses": [],
        "xp": 0,
      },
    },
    "own": {
      "anchor": null,
      "charges": {
        "ember-bite": 2,
        "flare": 4,
        "warm-coat": 2,
      },
      "guard": false,
      "hp": 44,
      "id": "golden-embercub-encounter/starter",
      "nick": "",
      "species": "embercub",
      "statuses": [],
      "xp": 46,
    },
    "source": "encounter",
    "species": "embercub",
    "turn": 1,
  },
  {
    "battle": {
      "creatureId": "golden-embercub-cast/starter",
      "id": "golden-embercub-cast/pond/0",
      "log": [
        {
          "actor": "own",
          "burn": 0,
          "dmg": 8,
          "move": "flare",
          "mult": 0.5,
          "skipped": false,
        },
        {
          "actor": "wild",
          "burn": 0,
          "dmg": 12,
          "move": "tide-lash",
          "mult": 1.5,
          "skipped": false,
        },
      ],
      "outcome": "active",
      "source": "pond",
      "turn": 1,
      "wild": {
        "anchor": null,
        "charges": {
          "mist-veil": 2,
          "soak": 3,
          "tide-lash": 5,
        },
        "guard": false,
        "hp": 20,
        "id": "golden-embercub-cast/pond/0/creature",
        "nick": "",
        "species": "tidefin",
        "statuses": [],
        "xp": 0,
      },
    },
    "own": {
      "anchor": null,
      "charges": {
        "ember-bite": 3,
        "flare": 4,
        "warm-coat": 2,
      },
      "guard": false,
      "hp": 36,
      "id": "golden-embercub-cast/starter",
      "nick": "",
      "species": "embercub",
      "statuses": [],
      "xp": 40,
    },
    "source": "cast",
    "species": "embercub",
    "turn": 0,
  },
  {
    "battle": {
      "creatureId": "golden-embercub-cast/starter",
      "id": "golden-embercub-cast/pond/0",
      "log": [
        {
          "actor": "own",
          "burn": 3,
          "dmg": 6,
          "move": "ember-bite",
          "mult": 0.5,
          "skipped": false,
          "status": "burn",
        },
        {
          "actor": "wild",
          "burn": 0,
          "dmg": 12,
          "move": "tide-lash",
          "mult": 1.5,
          "skipped": false,
        },
      ],
      "outcome": "active",
      "source": "pond",
      "turn": 2,
      "wild": {
        "anchor": null,
        "charges": {
          "mist-veil": 2,
          "soak": 3,
          "tide-lash": 5,
        },
        "guard": false,
        "hp": 11,
        "id": "golden-embercub-cast/pond/0/creature",
        "nick": "",
        "species": "tidefin",
        "statuses": [
          {
            "id": "burn",
            "turns": 1,
          },
        ],
        "xp": 0,
      },
    },
    "own": {
      "anchor": null,
      "charges": {
        "ember-bite": 2,
        "flare": 4,
        "warm-coat": 2,
      },
      "guard": false,
      "hp": 24,
      "id": "golden-embercub-cast/starter",
      "nick": "",
      "species": "embercub",
      "statuses": [],
      "xp": 40,
    },
    "source": "cast",
    "species": "embercub",
    "turn": 1,
  },
  {
    "battle": {
      "creatureId": "golden-embercub-cast/starter",
      "growth": {
        "from": 3,
        "gain": 6,
        "to": 3,
      },
      "id": "golden-embercub-cast/pond/0",
      "log": [
        {
          "actor": "own",
          "burn": 3,
          "dmg": 10,
          "move": "strike",
          "mult": 1,
          "skipped": false,
        },
      ],
      "outcome": "victory",
      "source": "pond",
      "turn": 3,
      "wild": {
        "anchor": null,
        "charges": {
          "mist-veil": 2,
          "soak": 3,
          "tide-lash": 5,
        },
        "guard": false,
        "hp": 0,
        "id": "golden-embercub-cast/pond/0/creature",
        "nick": "",
        "species": "tidefin",
        "statuses": [],
        "xp": 0,
      },
    },
    "own": {
      "anchor": null,
      "charges": {
        "ember-bite": 2,
        "flare": 4,
        "warm-coat": 2,
      },
      "guard": false,
      "hp": 24,
      "id": "golden-embercub-cast/starter",
      "nick": "",
      "species": "embercub",
      "statuses": [],
      "xp": 46,
    },
    "source": "cast",
    "species": "embercub",
    "turn": 2,
  },
  {
    "battle": {
      "creatureId": "golden-mossling-encounter/starter",
      "id": "golden-mossling-encounter/wild/0",
      "log": [
        {
          "actor": "own",
          "burn": 0,
          "dmg": 14,
          "move": "leaf-cut",
          "mult": 1,
          "skipped": false,
        },
        {
          "actor": "wild",
          "burn": 0,
          "dmg": 8,
          "move": "leaf-cut",
          "mult": 1,
          "skipped": false,
        },
      ],
      "outcome": "active",
      "source": "meadow",
      "turn": 1,
      "wild": {
        "anchor": null,
        "charges": {
          "leaf-cut": 5,
          "photosynth": 1,
          "root-bind": 3,
        },
        "guard": false,
        "hp": 14,
        "id": "golden-mossling-encounter/wild/0/creature",
        "nick": "",
        "species": "mossling",
        "statuses": [],
        "xp": 0,
      },
    },
    "own": {
      "anchor": null,
      "charges": {
        "leaf-cut": 4,
        "photosynth": 1,
        "root-bind": 3,
      },
      "guard": false,
      "hp": 40,
      "id": "golden-mossling-encounter/starter",
      "nick": "",
      "species": "mossling",
      "statuses": [],
      "xp": 40,
    },
    "source": "encounter",
    "species": "mossling",
    "turn": 0,
  },
  {
    "battle": {
      "creatureId": "golden-mossling-encounter/starter",
      "id": "golden-mossling-encounter/wild/0",
      "log": [
        {
          "actor": "own",
          "burn": 0,
          "dmg": 8,
          "move": "root-bind",
          "mult": 1,
          "skipped": false,
          "status": "root",
        },
        {
          "actor": "wild",
          "burn": 0,
          "dmg": 0,
          "move": "leaf-cut",
          "mult": 1,
          "skipped": true,
        },
      ],
      "outcome": "active",
      "source": "meadow",
      "turn": 2,
      "wild": {
        "anchor": null,
        "charges": {
          "leaf-cut": 5,
          "photosynth": 1,
          "root-bind": 3,
        },
        "guard": false,
        "hp": 6,
        "id": "golden-mossling-encounter/wild/0/creature",
        "nick": "",
        "species": "mossling",
        "statuses": [],
        "xp": 0,
      },
    },
    "own": {
      "anchor": null,
      "charges": {
        "leaf-cut": 4,
        "photosynth": 1,
        "root-bind": 2,
      },
      "guard": false,
      "hp": 40,
      "id": "golden-mossling-encounter/starter",
      "nick": "",
      "species": "mossling",
      "statuses": [],
      "xp": 40,
    },
    "source": "encounter",
    "species": "mossling",
    "turn": 1,
  },
  {
    "battle": {
      "creatureId": "golden-mossling-encounter/starter",
      "growth": {
        "from": 3,
        "gain": 6,
        "to": 3,
      },
      "id": "golden-mossling-encounter/wild/0",
      "log": [
        {
          "actor": "own",
          "burn": 0,
          "dmg": 10,
          "move": "strike",
          "mult": 1,
          "skipped": false,
        },
      ],
      "outcome": "victory",
      "source": "meadow",
      "turn": 3,
      "wild": {
        "anchor": null,
        "charges": {
          "leaf-cut": 5,
          "photosynth": 1,
          "root-bind": 3,
        },
        "guard": false,
        "hp": 0,
        "id": "golden-mossling-encounter/wild/0/creature",
        "nick": "",
        "species": "mossling",
        "statuses": [],
        "xp": 0,
      },
    },
    "own": {
      "anchor": null,
      "charges": {
        "leaf-cut": 4,
        "photosynth": 1,
        "root-bind": 2,
      },
      "guard": false,
      "hp": 40,
      "id": "golden-mossling-encounter/starter",
      "nick": "",
      "species": "mossling",
      "statuses": [],
      "xp": 46,
    },
    "source": "encounter",
    "species": "mossling",
    "turn": 2,
  },
  {
    "battle": {
      "creatureId": "golden-mossling-cast/starter",
      "id": "golden-mossling-cast/pond/0",
      "log": [
        {
          "actor": "own",
          "burn": 0,
          "dmg": 21,
          "move": "leaf-cut",
          "mult": 1.5,
          "skipped": false,
        },
        {
          "actor": "wild",
          "burn": 0,
          "dmg": 4,
          "move": "tide-lash",
          "mult": 0.5,
          "skipped": false,
        },
      ],
      "outcome": "active",
      "source": "pond",
      "turn": 1,
      "wild": {
        "anchor": null,
        "charges": {
          "mist-veil": 2,
          "soak": 3,
          "tide-lash": 5,
        },
        "guard": false,
        "hp": 7,
        "id": "golden-mossling-cast/pond/0/creature",
        "nick": "",
        "species": "tidefin",
        "statuses": [],
        "xp": 0,
      },
    },
    "own": {
      "anchor": null,
      "charges": {
        "leaf-cut": 4,
        "photosynth": 1,
        "root-bind": 3,
      },
      "guard": false,
      "hp": 44,
      "id": "golden-mossling-cast/starter",
      "nick": "",
      "species": "mossling",
      "statuses": [],
      "xp": 40,
    },
    "source": "cast",
    "species": "mossling",
    "turn": 0,
  },
  {
    "battle": {
      "creatureId": "golden-mossling-cast/starter",
      "growth": {
        "from": 3,
        "gain": 6,
        "to": 3,
      },
      "id": "golden-mossling-cast/pond/0",
      "log": [
        {
          "actor": "own",
          "burn": 0,
          "dmg": 12,
          "move": "root-bind",
          "mult": 1.5,
          "skipped": false,
        },
      ],
      "outcome": "victory",
      "source": "pond",
      "turn": 2,
      "wild": {
        "anchor": null,
        "charges": {
          "mist-veil": 2,
          "soak": 3,
          "tide-lash": 5,
        },
        "guard": false,
        "hp": 0,
        "id": "golden-mossling-cast/pond/0/creature",
        "nick": "",
        "species": "tidefin",
        "statuses": [],
        "xp": 0,
      },
    },
    "own": {
      "anchor": null,
      "charges": {
        "leaf-cut": 4,
        "photosynth": 1,
        "root-bind": 2,
      },
      "guard": false,
      "hp": 44,
      "id": "golden-mossling-cast/starter",
      "nick": "",
      "species": "mossling",
      "statuses": [],
      "xp": 46,
    },
    "source": "cast",
    "species": "mossling",
    "turn": 1,
  },
  {
    "battle": {
      "creatureId": "golden-tidefin-encounter/starter",
      "id": "golden-tidefin-encounter/wild/0",
      "log": [
        {
          "actor": "own",
          "burn": 0,
          "dmg": 7,
          "move": "tide-lash",
          "mult": 0.5,
          "skipped": false,
        },
        {
          "actor": "wild",
          "burn": 0,
          "dmg": 12,
          "move": "leaf-cut",
          "mult": 1.5,
          "skipped": false,
        },
      ],
      "outcome": "active",
      "source": "meadow",
      "turn": 1,
      "wild": {
        "anchor": null,
        "charges": {
          "leaf-cut": 5,
          "photosynth": 1,
          "root-bind": 3,
        },
        "guard": false,
        "hp": 21,
        "id": "golden-tidefin-encounter/wild/0/creature",
        "nick": "",
        "species": "mossling",
        "statuses": [],
        "xp": 0,
      },
    },
    "own": {
      "anchor": null,
      "charges": {
        "mist-veil": 2,
        "soak": 3,
        "tide-lash": 4,
      },
      "guard": false,
      "hp": 36,
      "id": "golden-tidefin-encounter/starter",
      "nick": "",
      "species": "tidefin",
      "statuses": [],
      "xp": 40,
    },
    "source": "encounter",
    "species": "tidefin",
    "turn": 0,
  },
  {
    "battle": {
      "creatureId": "golden-tidefin-encounter/starter",
      "id": "golden-tidefin-encounter/wild/0",
      "log": [
        {
          "actor": "own",
          "burn": 0,
          "dmg": 5,
          "move": "soak",
          "mult": 0.5,
          "skipped": false,
          "status": "soaked",
        },
        {
          "actor": "wild",
          "burn": 0,
          "dmg": 10,
          "move": "leaf-cut",
          "mult": 1.5,
          "skipped": false,
        },
      ],
      "outcome": "active",
      "source": "meadow",
      "turn": 2,
      "wild": {
        "anchor": null,
        "charges": {
          "leaf-cut": 5,
          "photosynth": 1,
          "root-bind": 3,
        },
        "guard": false,
        "hp": 16,
        "id": "golden-tidefin-encounter/wild/0/creature",
        "nick": "",
        "species": "mossling",
        "statuses": [
          {
            "id": "soaked",
            "turns": 1,
          },
        ],
        "xp": 0,
      },
    },
    "own": {
      "anchor": null,
      "charges": {
        "mist-veil": 2,
        "soak": 2,
        "tide-lash": 4,
      },
      "guard": false,
      "hp": 26,
      "id": "golden-tidefin-encounter/starter",
      "nick": "",
      "species": "tidefin",
      "statuses": [],
      "xp": 40,
    },
    "source": "encounter",
    "species": "tidefin",
    "turn": 1,
  },
  {
    "battle": {
      "creatureId": "golden-tidefin-encounter/starter",
      "id": "golden-tidefin-encounter/wild/0",
      "log": [
        {
          "actor": "own",
          "burn": 0,
          "dmg": 10,
          "move": "strike",
          "mult": 1,
          "skipped": false,
        },
        {
          "actor": "wild",
          "burn": 0,
          "dmg": 12,
          "move": "leaf-cut",
          "mult": 1.5,
          "skipped": false,
        },
      ],
      "outcome": "active",
      "source": "meadow",
      "turn": 3,
      "wild": {
        "anchor": null,
        "charges": {
          "leaf-cut": 5,
          "photosynth": 1,
          "root-bind": 3,
        },
        "guard": false,
        "hp": 6,
        "id": "golden-tidefin-encounter/wild/0/creature",
        "nick": "",
        "species": "mossling",
        "statuses": [],
        "xp": 0,
      },
    },
    "own": {
      "anchor": null,
      "charges": {
        "mist-veil": 2,
        "soak": 2,
        "tide-lash": 4,
      },
      "guard": false,
      "hp": 14,
      "id": "golden-tidefin-encounter/starter",
      "nick": "",
      "species": "tidefin",
      "statuses": [],
      "xp": 40,
    },
    "source": "encounter",
    "species": "tidefin",
    "turn": 2,
  },
  {
    "battle": {
      "creatureId": "golden-tidefin-encounter/starter",
      "id": "golden-tidefin-encounter/wild/0",
      "log": [
        {
          "actor": "own",
          "burn": 0,
          "dmg": 0,
          "move": "mist-veil",
          "mult": 1,
          "skipped": false,
        },
        {
          "actor": "wild",
          "burn": 0,
          "dmg": 6,
          "move": "leaf-cut",
          "mult": 1.5,
          "skipped": false,
        },
      ],
      "outcome": "active",
      "source": "meadow",
      "turn": 4,
      "wild": {
        "anchor": null,
        "charges": {
          "leaf-cut": 5,
          "photosynth": 1,
          "root-bind": 3,
        },
        "guard": false,
        "hp": 6,
        "id": "golden-tidefin-encounter/wild/0/creature",
        "nick": "",
        "species": "mossling",
        "statuses": [],
        "xp": 0,
      },
    },
    "own": {
      "anchor": null,
      "charges": {
        "mist-veil": 1,
        "soak": 2,
        "tide-lash": 4,
      },
      "guard": false,
      "hp": 8,
      "id": "golden-tidefin-encounter/starter",
      "nick": "",
      "species": "tidefin",
      "statuses": [],
      "xp": 40,
    },
    "source": "encounter",
    "species": "tidefin",
    "turn": 3,
  },
  {
    "battle": {
      "creatureId": "golden-tidefin-encounter/starter",
      "growth": {
        "from": 3,
        "gain": 6,
        "to": 3,
      },
      "id": "golden-tidefin-encounter/wild/0",
      "log": [
        {
          "actor": "own",
          "burn": 0,
          "dmg": 7,
          "move": "tide-lash",
          "mult": 0.5,
          "skipped": false,
        },
      ],
      "outcome": "victory",
      "source": "meadow",
      "turn": 5,
      "wild": {
        "anchor": null,
        "charges": {
          "leaf-cut": 5,
          "photosynth": 1,
          "root-bind": 3,
        },
        "guard": false,
        "hp": 0,
        "id": "golden-tidefin-encounter/wild/0/creature",
        "nick": "",
        "species": "mossling",
        "statuses": [],
        "xp": 0,
      },
    },
    "own": {
      "anchor": null,
      "charges": {
        "mist-veil": 1,
        "soak": 2,
        "tide-lash": 3,
      },
      "guard": false,
      "hp": 8,
      "id": "golden-tidefin-encounter/starter",
      "nick": "",
      "species": "tidefin",
      "statuses": [],
      "xp": 46,
    },
    "source": "encounter",
    "species": "tidefin",
    "turn": 4,
  },
  {
    "battle": {
      "creatureId": "golden-tidefin-cast/starter",
      "id": "golden-tidefin-cast/pond/0",
      "log": [
        {
          "actor": "own",
          "burn": 0,
          "dmg": 14,
          "move": "tide-lash",
          "mult": 1,
          "skipped": false,
        },
        {
          "actor": "wild",
          "burn": 0,
          "dmg": 8,
          "move": "tide-lash",
          "mult": 1,
          "skipped": false,
        },
      ],
      "outcome": "active",
      "source": "pond",
      "turn": 1,
      "wild": {
        "anchor": null,
        "charges": {
          "mist-veil": 2,
          "soak": 3,
          "tide-lash": 5,
        },
        "guard": false,
        "hp": 14,
        "id": "golden-tidefin-cast/pond/0/creature",
        "nick": "",
        "species": "tidefin",
        "statuses": [],
        "xp": 0,
      },
    },
    "own": {
      "anchor": null,
      "charges": {
        "mist-veil": 2,
        "soak": 3,
        "tide-lash": 4,
      },
      "guard": false,
      "hp": 40,
      "id": "golden-tidefin-cast/starter",
      "nick": "",
      "species": "tidefin",
      "statuses": [],
      "xp": 40,
    },
    "source": "cast",
    "species": "tidefin",
    "turn": 0,
  },
  {
    "battle": {
      "creatureId": "golden-tidefin-cast/starter",
      "id": "golden-tidefin-cast/pond/0",
      "log": [
        {
          "actor": "own",
          "burn": 0,
          "dmg": 9,
          "move": "soak",
          "mult": 1,
          "skipped": false,
          "status": "soaked",
        },
        {
          "actor": "wild",
          "burn": 0,
          "dmg": 6,
          "move": "tide-lash",
          "mult": 1,
          "skipped": false,
        },
      ],
      "outcome": "active",
      "source": "pond",
      "turn": 2,
      "wild": {
        "anchor": null,
        "charges": {
          "mist-veil": 2,
          "soak": 3,
          "tide-lash": 5,
        },
        "guard": false,
        "hp": 5,
        "id": "golden-tidefin-cast/pond/0/creature",
        "nick": "",
        "species": "tidefin",
        "statuses": [
          {
            "id": "soaked",
            "turns": 1,
          },
        ],
        "xp": 0,
      },
    },
    "own": {
      "anchor": null,
      "charges": {
        "mist-veil": 2,
        "soak": 2,
        "tide-lash": 4,
      },
      "guard": false,
      "hp": 34,
      "id": "golden-tidefin-cast/starter",
      "nick": "",
      "species": "tidefin",
      "statuses": [],
      "xp": 40,
    },
    "source": "cast",
    "species": "tidefin",
    "turn": 1,
  },
  {
    "battle": {
      "creatureId": "golden-tidefin-cast/starter",
      "growth": {
        "from": 3,
        "gain": 6,
        "to": 3,
      },
      "id": "golden-tidefin-cast/pond/0",
      "log": [
        {
          "actor": "own",
          "burn": 0,
          "dmg": 10,
          "move": "strike",
          "mult": 1,
          "skipped": false,
        },
      ],
      "outcome": "victory",
      "source": "pond",
      "turn": 3,
      "wild": {
        "anchor": null,
        "charges": {
          "mist-veil": 2,
          "soak": 3,
          "tide-lash": 5,
        },
        "guard": false,
        "hp": 0,
        "id": "golden-tidefin-cast/pond/0/creature",
        "nick": "",
        "species": "tidefin",
        "statuses": [],
        "xp": 0,
      },
    },
    "own": {
      "anchor": null,
      "charges": {
        "mist-veil": 2,
        "soak": 2,
        "tide-lash": 4,
      },
      "guard": false,
      "hp": 34,
      "id": "golden-tidefin-cast/starter",
      "nick": "",
      "species": "tidefin",
      "statuses": [],
      "xp": 46,
    },
    "source": "cast",
    "species": "tidefin",
    "turn": 2,
  },
  {
    "battle": {
      "creatureId": "golden-voltusk-encounter/starter",
      "id": "golden-voltusk-encounter/wild/0",
      "log": [
        {
          "actor": "own",
          "burn": 0,
          "dmg": 7,
          "move": "volt-charge",
          "mult": 0.5,
          "skipped": false,
        },
        {
          "actor": "wild",
          "burn": 0,
          "dmg": 12,
          "move": "leaf-cut",
          "mult": 1.5,
          "skipped": false,
        },
      ],
      "outcome": "active",
      "source": "meadow",
      "turn": 1,
      "wild": {
        "anchor": null,
        "charges": {
          "leaf-cut": 5,
          "photosynth": 1,
          "root-bind": 3,
        },
        "guard": false,
        "hp": 21,
        "id": "golden-voltusk-encounter/wild/0/creature",
        "nick": "",
        "species": "mossling",
        "statuses": [],
        "xp": 0,
      },
    },
    "own": {
      "anchor": null,
      "charges": {
        "bristle": 2,
        "static-tusk": 3,
        "volt-charge": 4,
      },
      "guard": false,
      "hp": 36,
      "id": "golden-voltusk-encounter/starter",
      "nick": "",
      "species": "voltusk",
      "statuses": [],
      "xp": 40,
    },
    "source": "encounter",
    "species": "voltusk",
    "turn": 0,
  },
  {
    "battle": {
      "creatureId": "golden-voltusk-encounter/starter",
      "id": "golden-voltusk-encounter/wild/0",
      "log": [
        {
          "actor": "own",
          "burn": 0,
          "dmg": 5,
          "move": "static-tusk",
          "mult": 0.5,
          "skipped": false,
          "status": "stun",
        },
        {
          "actor": "wild",
          "burn": 0,
          "dmg": 0,
          "move": "leaf-cut",
          "mult": 1,
          "skipped": true,
        },
      ],
      "outcome": "active",
      "source": "meadow",
      "turn": 2,
      "wild": {
        "anchor": null,
        "charges": {
          "leaf-cut": 5,
          "photosynth": 1,
          "root-bind": 3,
        },
        "guard": false,
        "hp": 16,
        "id": "golden-voltusk-encounter/wild/0/creature",
        "nick": "",
        "species": "mossling",
        "statuses": [],
        "xp": 0,
      },
    },
    "own": {
      "anchor": null,
      "charges": {
        "bristle": 2,
        "static-tusk": 2,
        "volt-charge": 4,
      },
      "guard": false,
      "hp": 36,
      "id": "golden-voltusk-encounter/starter",
      "nick": "",
      "species": "voltusk",
      "statuses": [],
      "xp": 40,
    },
    "source": "encounter",
    "species": "voltusk",
    "turn": 1,
  },
  {
    "battle": {
      "creatureId": "golden-voltusk-encounter/starter",
      "id": "golden-voltusk-encounter/wild/0",
      "log": [
        {
          "actor": "own",
          "burn": 0,
          "dmg": 10,
          "move": "strike",
          "mult": 1,
          "skipped": false,
        },
        {
          "actor": "wild",
          "burn": 0,
          "dmg": 12,
          "move": "leaf-cut",
          "mult": 1.5,
          "skipped": false,
        },
      ],
      "outcome": "active",
      "source": "meadow",
      "turn": 3,
      "wild": {
        "anchor": null,
        "charges": {
          "leaf-cut": 5,
          "photosynth": 1,
          "root-bind": 3,
        },
        "guard": false,
        "hp": 6,
        "id": "golden-voltusk-encounter/wild/0/creature",
        "nick": "",
        "species": "mossling",
        "statuses": [],
        "xp": 0,
      },
    },
    "own": {
      "anchor": null,
      "charges": {
        "bristle": 2,
        "static-tusk": 2,
        "volt-charge": 4,
      },
      "guard": false,
      "hp": 24,
      "id": "golden-voltusk-encounter/starter",
      "nick": "",
      "species": "voltusk",
      "statuses": [],
      "xp": 40,
    },
    "source": "encounter",
    "species": "voltusk",
    "turn": 2,
  },
  {
    "battle": {
      "creatureId": "golden-voltusk-encounter/starter",
      "id": "golden-voltusk-encounter/wild/0",
      "log": [
        {
          "actor": "own",
          "burn": 0,
          "dmg": 0,
          "move": "bristle",
          "mult": 1,
          "skipped": false,
        },
        {
          "actor": "wild",
          "burn": 0,
          "dmg": 6,
          "move": "leaf-cut",
          "mult": 1.5,
          "skipped": false,
        },
      ],
      "outcome": "active",
      "source": "meadow",
      "turn": 4,
      "wild": {
        "anchor": null,
        "charges": {
          "leaf-cut": 5,
          "photosynth": 1,
          "root-bind": 3,
        },
        "guard": false,
        "hp": 6,
        "id": "golden-voltusk-encounter/wild/0/creature",
        "nick": "",
        "species": "mossling",
        "statuses": [],
        "xp": 0,
      },
    },
    "own": {
      "anchor": null,
      "charges": {
        "bristle": 1,
        "static-tusk": 2,
        "volt-charge": 4,
      },
      "guard": false,
      "hp": 18,
      "id": "golden-voltusk-encounter/starter",
      "nick": "",
      "species": "voltusk",
      "statuses": [],
      "xp": 40,
    },
    "source": "encounter",
    "species": "voltusk",
    "turn": 3,
  },
  {
    "battle": {
      "creatureId": "golden-voltusk-encounter/starter",
      "growth": {
        "from": 3,
        "gain": 6,
        "to": 3,
      },
      "id": "golden-voltusk-encounter/wild/0",
      "log": [
        {
          "actor": "own",
          "burn": 0,
          "dmg": 7,
          "move": "volt-charge",
          "mult": 0.5,
          "skipped": false,
        },
      ],
      "outcome": "victory",
      "source": "meadow",
      "turn": 5,
      "wild": {
        "anchor": null,
        "charges": {
          "leaf-cut": 5,
          "photosynth": 1,
          "root-bind": 3,
        },
        "guard": false,
        "hp": 0,
        "id": "golden-voltusk-encounter/wild/0/creature",
        "nick": "",
        "species": "mossling",
        "statuses": [],
        "xp": 0,
      },
    },
    "own": {
      "anchor": null,
      "charges": {
        "bristle": 1,
        "static-tusk": 2,
        "volt-charge": 3,
      },
      "guard": false,
      "hp": 18,
      "id": "golden-voltusk-encounter/starter",
      "nick": "",
      "species": "voltusk",
      "statuses": [],
      "xp": 46,
    },
    "source": "encounter",
    "species": "voltusk",
    "turn": 4,
  },
  {
    "battle": {
      "creatureId": "golden-voltusk-cast/starter",
      "id": "golden-voltusk-cast/pond/0",
      "log": [
        {
          "actor": "own",
          "burn": 0,
          "dmg": 21,
          "move": "volt-charge",
          "mult": 1.5,
          "skipped": false,
        },
        {
          "actor": "wild",
          "burn": 0,
          "dmg": 4,
          "move": "tide-lash",
          "mult": 0.5,
          "skipped": false,
        },
      ],
      "outcome": "active",
      "source": "pond",
      "turn": 1,
      "wild": {
        "anchor": null,
        "charges": {
          "mist-veil": 2,
          "soak": 3,
          "tide-lash": 5,
        },
        "guard": false,
        "hp": 7,
        "id": "golden-voltusk-cast/pond/0/creature",
        "nick": "",
        "species": "tidefin",
        "statuses": [],
        "xp": 0,
      },
    },
    "own": {
      "anchor": null,
      "charges": {
        "bristle": 2,
        "static-tusk": 3,
        "volt-charge": 4,
      },
      "guard": false,
      "hp": 44,
      "id": "golden-voltusk-cast/starter",
      "nick": "",
      "species": "voltusk",
      "statuses": [],
      "xp": 40,
    },
    "source": "cast",
    "species": "voltusk",
    "turn": 0,
  },
  {
    "battle": {
      "creatureId": "golden-voltusk-cast/starter",
      "growth": {
        "from": 3,
        "gain": 6,
        "to": 3,
      },
      "id": "golden-voltusk-cast/pond/0",
      "log": [
        {
          "actor": "own",
          "burn": 0,
          "dmg": 14,
          "move": "static-tusk",
          "mult": 1.5,
          "skipped": false,
        },
      ],
      "outcome": "victory",
      "source": "pond",
      "turn": 2,
      "wild": {
        "anchor": null,
        "charges": {
          "mist-veil": 2,
          "soak": 3,
          "tide-lash": 5,
        },
        "guard": false,
        "hp": 0,
        "id": "golden-voltusk-cast/pond/0/creature",
        "nick": "",
        "species": "tidefin",
        "statuses": [],
        "xp": 0,
      },
    },
    "own": {
      "anchor": null,
      "charges": {
        "bristle": 2,
        "static-tusk": 2,
        "volt-charge": 4,
      },
      "guard": false,
      "hp": 44,
      "id": "golden-voltusk-cast/starter",
      "nick": "",
      "species": "voltusk",
      "statuses": [],
      "xp": 46,
    },
    "source": "cast",
    "species": "voltusk",
    "turn": 1,
  },
  {
    "battle": {
      "creatureId": "golden-leon-encounter/starter",
      "id": "golden-leon-encounter/wild/0",
      "log": [
        {
          "actor": "own",
          "burn": 0,
          "dmg": 14,
          "move": "tongue-lash",
          "mult": 1,
          "skipped": false,
        },
        {
          "actor": "wild",
          "burn": 0,
          "dmg": 8,
          "move": "leaf-cut",
          "mult": 1,
          "skipped": false,
        },
      ],
      "outcome": "active",
      "source": "meadow",
      "turn": 1,
      "wild": {
        "anchor": null,
        "charges": {
          "leaf-cut": 5,
          "photosynth": 1,
          "root-bind": 3,
        },
        "guard": false,
        "hp": 14,
        "id": "golden-leon-encounter/wild/0/creature",
        "nick": "",
        "species": "mossling",
        "statuses": [],
        "xp": 0,
      },
    },
    "own": {
      "anchor": null,
      "charges": {
        "camouflage": 2,
        "sticky-snare": 3,
        "tongue-lash": 4,
      },
      "guard": false,
      "hp": 40,
      "id": "golden-leon-encounter/starter",
      "nick": "",
      "species": "leon",
      "statuses": [],
      "xp": 40,
    },
    "source": "encounter",
    "species": "leon",
    "turn": 0,
  },
  {
    "battle": {
      "creatureId": "golden-leon-encounter/starter",
      "id": "golden-leon-encounter/wild/0",
      "log": [
        {
          "actor": "own",
          "burn": 0,
          "dmg": 8,
          "move": "sticky-snare",
          "mult": 1,
          "skipped": false,
          "status": "root",
        },
        {
          "actor": "wild",
          "burn": 0,
          "dmg": 0,
          "move": "leaf-cut",
          "mult": 1,
          "skipped": true,
        },
      ],
      "outcome": "active",
      "source": "meadow",
      "turn": 2,
      "wild": {
        "anchor": null,
        "charges": {
          "leaf-cut": 5,
          "photosynth": 1,
          "root-bind": 3,
        },
        "guard": false,
        "hp": 6,
        "id": "golden-leon-encounter/wild/0/creature",
        "nick": "",
        "species": "mossling",
        "statuses": [],
        "xp": 0,
      },
    },
    "own": {
      "anchor": null,
      "charges": {
        "camouflage": 2,
        "sticky-snare": 2,
        "tongue-lash": 4,
      },
      "guard": false,
      "hp": 40,
      "id": "golden-leon-encounter/starter",
      "nick": "",
      "species": "leon",
      "statuses": [],
      "xp": 40,
    },
    "source": "encounter",
    "species": "leon",
    "turn": 1,
  },
  {
    "battle": {
      "creatureId": "golden-leon-encounter/starter",
      "growth": {
        "from": 3,
        "gain": 6,
        "to": 3,
      },
      "id": "golden-leon-encounter/wild/0",
      "log": [
        {
          "actor": "own",
          "burn": 0,
          "dmg": 10,
          "move": "strike",
          "mult": 1,
          "skipped": false,
        },
      ],
      "outcome": "victory",
      "source": "meadow",
      "turn": 3,
      "wild": {
        "anchor": null,
        "charges": {
          "leaf-cut": 5,
          "photosynth": 1,
          "root-bind": 3,
        },
        "guard": false,
        "hp": 0,
        "id": "golden-leon-encounter/wild/0/creature",
        "nick": "",
        "species": "mossling",
        "statuses": [],
        "xp": 0,
      },
    },
    "own": {
      "anchor": null,
      "charges": {
        "camouflage": 2,
        "sticky-snare": 2,
        "tongue-lash": 4,
      },
      "guard": false,
      "hp": 40,
      "id": "golden-leon-encounter/starter",
      "nick": "",
      "species": "leon",
      "statuses": [],
      "xp": 46,
    },
    "source": "encounter",
    "species": "leon",
    "turn": 2,
  },
  {
    "battle": {
      "creatureId": "golden-leon-cast/starter",
      "id": "golden-leon-cast/pond/0",
      "log": [
        {
          "actor": "own",
          "burn": 0,
          "dmg": 21,
          "move": "tongue-lash",
          "mult": 1.5,
          "skipped": false,
        },
        {
          "actor": "wild",
          "burn": 0,
          "dmg": 4,
          "move": "tide-lash",
          "mult": 0.5,
          "skipped": false,
        },
      ],
      "outcome": "active",
      "source": "pond",
      "turn": 1,
      "wild": {
        "anchor": null,
        "charges": {
          "mist-veil": 2,
          "soak": 3,
          "tide-lash": 5,
        },
        "guard": false,
        "hp": 7,
        "id": "golden-leon-cast/pond/0/creature",
        "nick": "",
        "species": "tidefin",
        "statuses": [],
        "xp": 0,
      },
    },
    "own": {
      "anchor": null,
      "charges": {
        "camouflage": 2,
        "sticky-snare": 3,
        "tongue-lash": 4,
      },
      "guard": false,
      "hp": 44,
      "id": "golden-leon-cast/starter",
      "nick": "",
      "species": "leon",
      "statuses": [],
      "xp": 40,
    },
    "source": "cast",
    "species": "leon",
    "turn": 0,
  },
  {
    "battle": {
      "creatureId": "golden-leon-cast/starter",
      "growth": {
        "from": 3,
        "gain": 6,
        "to": 3,
      },
      "id": "golden-leon-cast/pond/0",
      "log": [
        {
          "actor": "own",
          "burn": 0,
          "dmg": 12,
          "move": "sticky-snare",
          "mult": 1.5,
          "skipped": false,
        },
      ],
      "outcome": "victory",
      "source": "pond",
      "turn": 2,
      "wild": {
        "anchor": null,
        "charges": {
          "mist-veil": 2,
          "soak": 3,
          "tide-lash": 5,
        },
        "guard": false,
        "hp": 0,
        "id": "golden-leon-cast/pond/0/creature",
        "nick": "",
        "species": "tidefin",
        "statuses": [],
        "xp": 0,
      },
    },
    "own": {
      "anchor": null,
      "charges": {
        "camouflage": 2,
        "sticky-snare": 2,
        "tongue-lash": 4,
      },
      "guard": false,
      "hp": 44,
      "id": "golden-leon-cast/starter",
      "nick": "",
      "species": "leon",
      "statuses": [],
      "xp": 46,
    },
    "source": "cast",
    "species": "leon",
    "turn": 1,
  },
  {
    "battle": {
      "creatureId": "golden-rattlefin-encounter/starter",
      "id": "golden-rattlefin-encounter/wild/0",
      "log": [
        {
          "actor": "own",
          "burn": 0,
          "dmg": 7,
          "move": "chain-whip",
          "mult": 0.5,
          "skipped": false,
        },
        {
          "actor": "wild",
          "burn": 0,
          "dmg": 12,
          "move": "leaf-cut",
          "mult": 1.5,
          "skipped": false,
        },
      ],
      "outcome": "active",
      "source": "meadow",
      "turn": 1,
      "wild": {
        "anchor": null,
        "charges": {
          "leaf-cut": 5,
          "photosynth": 1,
          "root-bind": 3,
        },
        "guard": false,
        "hp": 21,
        "id": "golden-rattlefin-encounter/wild/0/creature",
        "nick": "",
        "species": "mossling",
        "statuses": [],
        "xp": 0,
      },
    },
    "own": {
      "anchor": null,
      "charges": {
        "chain-whip": 4,
        "lure-flash": 3,
        "rust-hide": 2,
      },
      "guard": false,
      "hp": 36,
      "id": "golden-rattlefin-encounter/starter",
      "nick": "",
      "species": "rattlefin",
      "statuses": [],
      "xp": 40,
    },
    "source": "encounter",
    "species": "rattlefin",
    "turn": 0,
  },
  {
    "battle": {
      "creatureId": "golden-rattlefin-encounter/starter",
      "id": "golden-rattlefin-encounter/wild/0",
      "log": [
        {
          "actor": "own",
          "burn": 0,
          "dmg": 4,
          "move": "lure-flash",
          "mult": 0.5,
          "skipped": false,
          "status": "stun",
        },
        {
          "actor": "wild",
          "burn": 0,
          "dmg": 0,
          "move": "leaf-cut",
          "mult": 1,
          "skipped": true,
        },
      ],
      "outcome": "active",
      "source": "meadow",
      "turn": 2,
      "wild": {
        "anchor": null,
        "charges": {
          "leaf-cut": 5,
          "photosynth": 1,
          "root-bind": 3,
        },
        "guard": false,
        "hp": 17,
        "id": "golden-rattlefin-encounter/wild/0/creature",
        "nick": "",
        "species": "mossling",
        "statuses": [],
        "xp": 0,
      },
    },
    "own": {
      "anchor": null,
      "charges": {
        "chain-whip": 4,
        "lure-flash": 2,
        "rust-hide": 2,
      },
      "guard": false,
      "hp": 36,
      "id": "golden-rattlefin-encounter/starter",
      "nick": "",
      "species": "rattlefin",
      "statuses": [],
      "xp": 40,
    },
    "source": "encounter",
    "species": "rattlefin",
    "turn": 1,
  },
  {
    "battle": {
      "creatureId": "golden-rattlefin-encounter/starter",
      "id": "golden-rattlefin-encounter/wild/0",
      "log": [
        {
          "actor": "own",
          "burn": 0,
          "dmg": 10,
          "move": "strike",
          "mult": 1,
          "skipped": false,
        },
        {
          "actor": "wild",
          "burn": 0,
          "dmg": 12,
          "move": "leaf-cut",
          "mult": 1.5,
          "skipped": false,
        },
      ],
      "outcome": "active",
      "source": "meadow",
      "turn": 3,
      "wild": {
        "anchor": null,
        "charges": {
          "leaf-cut": 5,
          "photosynth": 1,
          "root-bind": 3,
        },
        "guard": false,
        "hp": 7,
        "id": "golden-rattlefin-encounter/wild/0/creature",
        "nick": "",
        "species": "mossling",
        "statuses": [],
        "xp": 0,
      },
    },
    "own": {
      "anchor": null,
      "charges": {
        "chain-whip": 4,
        "lure-flash": 2,
        "rust-hide": 2,
      },
      "guard": false,
      "hp": 24,
      "id": "golden-rattlefin-encounter/starter",
      "nick": "",
      "species": "rattlefin",
      "statuses": [],
      "xp": 40,
    },
    "source": "encounter",
    "species": "rattlefin",
    "turn": 2,
  },
  {
    "battle": {
      "creatureId": "golden-rattlefin-encounter/starter",
      "id": "golden-rattlefin-encounter/wild/0",
      "log": [
        {
          "actor": "own",
          "burn": 0,
          "dmg": 0,
          "move": "rust-hide",
          "mult": 1,
          "skipped": false,
        },
        {
          "actor": "wild",
          "burn": 0,
          "dmg": 6,
          "move": "leaf-cut",
          "mult": 1.5,
          "skipped": false,
        },
      ],
      "outcome": "active",
      "source": "meadow",
      "turn": 4,
      "wild": {
        "anchor": null,
        "charges": {
          "leaf-cut": 5,
          "photosynth": 1,
          "root-bind": 3,
        },
        "guard": false,
        "hp": 7,
        "id": "golden-rattlefin-encounter/wild/0/creature",
        "nick": "",
        "species": "mossling",
        "statuses": [],
        "xp": 0,
      },
    },
    "own": {
      "anchor": null,
      "charges": {
        "chain-whip": 4,
        "lure-flash": 2,
        "rust-hide": 1,
      },
      "guard": false,
      "hp": 18,
      "id": "golden-rattlefin-encounter/starter",
      "nick": "",
      "species": "rattlefin",
      "statuses": [],
      "xp": 40,
    },
    "source": "encounter",
    "species": "rattlefin",
    "turn": 3,
  },
  {
    "battle": {
      "creatureId": "golden-rattlefin-encounter/starter",
      "growth": {
        "from": 3,
        "gain": 6,
        "to": 3,
      },
      "id": "golden-rattlefin-encounter/wild/0",
      "log": [
        {
          "actor": "own",
          "burn": 0,
          "dmg": 7,
          "move": "chain-whip",
          "mult": 0.5,
          "skipped": false,
        },
      ],
      "outcome": "victory",
      "source": "meadow",
      "turn": 5,
      "wild": {
        "anchor": null,
        "charges": {
          "leaf-cut": 5,
          "photosynth": 1,
          "root-bind": 3,
        },
        "guard": false,
        "hp": 0,
        "id": "golden-rattlefin-encounter/wild/0/creature",
        "nick": "",
        "species": "mossling",
        "statuses": [],
        "xp": 0,
      },
    },
    "own": {
      "anchor": null,
      "charges": {
        "chain-whip": 3,
        "lure-flash": 2,
        "rust-hide": 1,
      },
      "guard": false,
      "hp": 18,
      "id": "golden-rattlefin-encounter/starter",
      "nick": "",
      "species": "rattlefin",
      "statuses": [],
      "xp": 46,
    },
    "source": "encounter",
    "species": "rattlefin",
    "turn": 4,
  },
  {
    "battle": {
      "creatureId": "golden-rattlefin-cast/starter",
      "id": "golden-rattlefin-cast/pond/0",
      "log": [
        {
          "actor": "own",
          "burn": 0,
          "dmg": 14,
          "move": "chain-whip",
          "mult": 1,
          "skipped": false,
        },
        {
          "actor": "wild",
          "burn": 0,
          "dmg": 8,
          "move": "tide-lash",
          "mult": 1,
          "skipped": false,
        },
      ],
      "outcome": "active",
      "source": "pond",
      "turn": 1,
      "wild": {
        "anchor": null,
        "charges": {
          "mist-veil": 2,
          "soak": 3,
          "tide-lash": 5,
        },
        "guard": false,
        "hp": 14,
        "id": "golden-rattlefin-cast/pond/0/creature",
        "nick": "",
        "species": "tidefin",
        "statuses": [],
        "xp": 0,
      },
    },
    "own": {
      "anchor": null,
      "charges": {
        "chain-whip": 4,
        "lure-flash": 3,
        "rust-hide": 2,
      },
      "guard": false,
      "hp": 40,
      "id": "golden-rattlefin-cast/starter",
      "nick": "",
      "species": "rattlefin",
      "statuses": [],
      "xp": 40,
    },
    "source": "cast",
    "species": "rattlefin",
    "turn": 0,
  },
  {
    "battle": {
      "creatureId": "golden-rattlefin-cast/starter",
      "id": "golden-rattlefin-cast/pond/0",
      "log": [
        {
          "actor": "own",
          "burn": 0,
          "dmg": 8,
          "move": "lure-flash",
          "mult": 1,
          "skipped": false,
          "status": "stun",
        },
        {
          "actor": "wild",
          "burn": 0,
          "dmg": 0,
          "move": "tide-lash",
          "mult": 1,
          "skipped": true,
        },
      ],
      "outcome": "active",
      "source": "pond",
      "turn": 2,
      "wild": {
        "anchor": null,
        "charges": {
          "mist-veil": 2,
          "soak": 3,
          "tide-lash": 5,
        },
        "guard": false,
        "hp": 6,
        "id": "golden-rattlefin-cast/pond/0/creature",
        "nick": "",
        "species": "tidefin",
        "statuses": [],
        "xp": 0,
      },
    },
    "own": {
      "anchor": null,
      "charges": {
        "chain-whip": 4,
        "lure-flash": 2,
        "rust-hide": 2,
      },
      "guard": false,
      "hp": 40,
      "id": "golden-rattlefin-cast/starter",
      "nick": "",
      "species": "rattlefin",
      "statuses": [],
      "xp": 40,
    },
    "source": "cast",
    "species": "rattlefin",
    "turn": 1,
  },
  {
    "battle": {
      "creatureId": "golden-rattlefin-cast/starter",
      "growth": {
        "from": 3,
        "gain": 6,
        "to": 3,
      },
      "id": "golden-rattlefin-cast/pond/0",
      "log": [
        {
          "actor": "own",
          "burn": 0,
          "dmg": 10,
          "move": "strike",
          "mult": 1,
          "skipped": false,
        },
      ],
      "outcome": "victory",
      "source": "pond",
      "turn": 3,
      "wild": {
        "anchor": null,
        "charges": {
          "mist-veil": 2,
          "soak": 3,
          "tide-lash": 5,
        },
        "guard": false,
        "hp": 0,
        "id": "golden-rattlefin-cast/pond/0/creature",
        "nick": "",
        "species": "tidefin",
        "statuses": [],
        "xp": 0,
      },
    },
    "own": {
      "anchor": null,
      "charges": {
        "chain-whip": 4,
        "lure-flash": 2,
        "rust-hide": 2,
      },
      "guard": false,
      "hp": 40,
      "id": "golden-rattlefin-cast/starter",
      "nick": "",
      "species": "rattlefin",
      "statuses": [],
      "xp": 46,
    },
    "source": "cast",
    "species": "rattlefin",
    "turn": 2,
  },
  {
    "battle": {
      "creatureId": "golden-brineback-encounter/starter",
      "id": "golden-brineback-encounter/wild/0",
      "log": [
        {
          "actor": "own",
          "burn": 0,
          "dmg": 7,
          "move": "brine-jet",
          "mult": 0.5,
          "skipped": false,
        },
        {
          "actor": "wild",
          "burn": 0,
          "dmg": 12,
          "move": "leaf-cut",
          "mult": 1.5,
          "skipped": false,
        },
      ],
      "outcome": "active",
      "source": "meadow",
      "turn": 1,
      "wild": {
        "anchor": null,
        "charges": {
          "leaf-cut": 5,
          "photosynth": 1,
          "root-bind": 3,
        },
        "guard": false,
        "hp": 21,
        "id": "golden-brineback-encounter/wild/0/creature",
        "nick": "",
        "species": "mossling",
        "statuses": [],
        "xp": 0,
      },
    },
    "own": {
      "anchor": null,
      "charges": {
        "barnacle-bash": 3,
        "brine-jet": 4,
        "shell-up": 2,
      },
      "guard": false,
      "hp": 36,
      "id": "golden-brineback-encounter/starter",
      "nick": "",
      "species": "brineback",
      "statuses": [],
      "xp": 40,
    },
    "source": "encounter",
    "species": "brineback",
    "turn": 0,
  },
  {
    "battle": {
      "creatureId": "golden-brineback-encounter/starter",
      "id": "golden-brineback-encounter/wild/0",
      "log": [
        {
          "actor": "own",
          "burn": 0,
          "dmg": 5,
          "move": "barnacle-bash",
          "mult": 0.5,
          "skipped": false,
          "status": "soaked",
        },
        {
          "actor": "wild",
          "burn": 0,
          "dmg": 10,
          "move": "leaf-cut",
          "mult": 1.5,
          "skipped": false,
        },
      ],
      "outcome": "active",
      "source": "meadow",
      "turn": 2,
      "wild": {
        "anchor": null,
        "charges": {
          "leaf-cut": 5,
          "photosynth": 1,
          "root-bind": 3,
        },
        "guard": false,
        "hp": 16,
        "id": "golden-brineback-encounter/wild/0/creature",
        "nick": "",
        "species": "mossling",
        "statuses": [
          {
            "id": "soaked",
            "turns": 1,
          },
        ],
        "xp": 0,
      },
    },
    "own": {
      "anchor": null,
      "charges": {
        "barnacle-bash": 2,
        "brine-jet": 4,
        "shell-up": 2,
      },
      "guard": false,
      "hp": 26,
      "id": "golden-brineback-encounter/starter",
      "nick": "",
      "species": "brineback",
      "statuses": [],
      "xp": 40,
    },
    "source": "encounter",
    "species": "brineback",
    "turn": 1,
  },
  {
    "battle": {
      "creatureId": "golden-brineback-encounter/starter",
      "id": "golden-brineback-encounter/wild/0",
      "log": [
        {
          "actor": "own",
          "burn": 0,
          "dmg": 10,
          "move": "strike",
          "mult": 1,
          "skipped": false,
        },
        {
          "actor": "wild",
          "burn": 0,
          "dmg": 12,
          "move": "leaf-cut",
          "mult": 1.5,
          "skipped": false,
        },
      ],
      "outcome": "active",
      "source": "meadow",
      "turn": 3,
      "wild": {
        "anchor": null,
        "charges": {
          "leaf-cut": 5,
          "photosynth": 1,
          "root-bind": 3,
        },
        "guard": false,
        "hp": 6,
        "id": "golden-brineback-encounter/wild/0/creature",
        "nick": "",
        "species": "mossling",
        "statuses": [],
        "xp": 0,
      },
    },
    "own": {
      "anchor": null,
      "charges": {
        "barnacle-bash": 2,
        "brine-jet": 4,
        "shell-up": 2,
      },
      "guard": false,
      "hp": 14,
      "id": "golden-brineback-encounter/starter",
      "nick": "",
      "species": "brineback",
      "statuses": [],
      "xp": 40,
    },
    "source": "encounter",
    "species": "brineback",
    "turn": 2,
  },
  {
    "battle": {
      "creatureId": "golden-brineback-encounter/starter",
      "id": "golden-brineback-encounter/wild/0",
      "log": [
        {
          "actor": "own",
          "burn": 0,
          "dmg": 0,
          "move": "shell-up",
          "mult": 1,
          "skipped": false,
        },
        {
          "actor": "wild",
          "burn": 0,
          "dmg": 6,
          "move": "leaf-cut",
          "mult": 1.5,
          "skipped": false,
        },
      ],
      "outcome": "active",
      "source": "meadow",
      "turn": 4,
      "wild": {
        "anchor": null,
        "charges": {
          "leaf-cut": 5,
          "photosynth": 1,
          "root-bind": 3,
        },
        "guard": false,
        "hp": 6,
        "id": "golden-brineback-encounter/wild/0/creature",
        "nick": "",
        "species": "mossling",
        "statuses": [],
        "xp": 0,
      },
    },
    "own": {
      "anchor": null,
      "charges": {
        "barnacle-bash": 2,
        "brine-jet": 4,
        "shell-up": 1,
      },
      "guard": false,
      "hp": 8,
      "id": "golden-brineback-encounter/starter",
      "nick": "",
      "species": "brineback",
      "statuses": [],
      "xp": 40,
    },
    "source": "encounter",
    "species": "brineback",
    "turn": 3,
  },
  {
    "battle": {
      "creatureId": "golden-brineback-encounter/starter",
      "growth": {
        "from": 3,
        "gain": 6,
        "to": 3,
      },
      "id": "golden-brineback-encounter/wild/0",
      "log": [
        {
          "actor": "own",
          "burn": 0,
          "dmg": 7,
          "move": "brine-jet",
          "mult": 0.5,
          "skipped": false,
        },
      ],
      "outcome": "victory",
      "source": "meadow",
      "turn": 5,
      "wild": {
        "anchor": null,
        "charges": {
          "leaf-cut": 5,
          "photosynth": 1,
          "root-bind": 3,
        },
        "guard": false,
        "hp": 0,
        "id": "golden-brineback-encounter/wild/0/creature",
        "nick": "",
        "species": "mossling",
        "statuses": [],
        "xp": 0,
      },
    },
    "own": {
      "anchor": null,
      "charges": {
        "barnacle-bash": 2,
        "brine-jet": 3,
        "shell-up": 1,
      },
      "guard": false,
      "hp": 8,
      "id": "golden-brineback-encounter/starter",
      "nick": "",
      "species": "brineback",
      "statuses": [],
      "xp": 46,
    },
    "source": "encounter",
    "species": "brineback",
    "turn": 4,
  },
  {
    "battle": {
      "creatureId": "golden-brineback-cast/starter",
      "id": "golden-brineback-cast/pond/0",
      "log": [
        {
          "actor": "own",
          "burn": 0,
          "dmg": 14,
          "move": "brine-jet",
          "mult": 1,
          "skipped": false,
        },
        {
          "actor": "wild",
          "burn": 0,
          "dmg": 8,
          "move": "tide-lash",
          "mult": 1,
          "skipped": false,
        },
      ],
      "outcome": "active",
      "source": "pond",
      "turn": 1,
      "wild": {
        "anchor": null,
        "charges": {
          "mist-veil": 2,
          "soak": 3,
          "tide-lash": 5,
        },
        "guard": false,
        "hp": 14,
        "id": "golden-brineback-cast/pond/0/creature",
        "nick": "",
        "species": "tidefin",
        "statuses": [],
        "xp": 0,
      },
    },
    "own": {
      "anchor": null,
      "charges": {
        "barnacle-bash": 3,
        "brine-jet": 4,
        "shell-up": 2,
      },
      "guard": false,
      "hp": 40,
      "id": "golden-brineback-cast/starter",
      "nick": "",
      "species": "brineback",
      "statuses": [],
      "xp": 40,
    },
    "source": "cast",
    "species": "brineback",
    "turn": 0,
  },
  {
    "battle": {
      "creatureId": "golden-brineback-cast/starter",
      "id": "golden-brineback-cast/pond/0",
      "log": [
        {
          "actor": "own",
          "burn": 0,
          "dmg": 9,
          "move": "barnacle-bash",
          "mult": 1,
          "skipped": false,
          "status": "soaked",
        },
        {
          "actor": "wild",
          "burn": 0,
          "dmg": 6,
          "move": "tide-lash",
          "mult": 1,
          "skipped": false,
        },
      ],
      "outcome": "active",
      "source": "pond",
      "turn": 2,
      "wild": {
        "anchor": null,
        "charges": {
          "mist-veil": 2,
          "soak": 3,
          "tide-lash": 5,
        },
        "guard": false,
        "hp": 5,
        "id": "golden-brineback-cast/pond/0/creature",
        "nick": "",
        "species": "tidefin",
        "statuses": [
          {
            "id": "soaked",
            "turns": 1,
          },
        ],
        "xp": 0,
      },
    },
    "own": {
      "anchor": null,
      "charges": {
        "barnacle-bash": 2,
        "brine-jet": 4,
        "shell-up": 2,
      },
      "guard": false,
      "hp": 34,
      "id": "golden-brineback-cast/starter",
      "nick": "",
      "species": "brineback",
      "statuses": [],
      "xp": 40,
    },
    "source": "cast",
    "species": "brineback",
    "turn": 1,
  },
  {
    "battle": {
      "creatureId": "golden-brineback-cast/starter",
      "growth": {
        "from": 3,
        "gain": 6,
        "to": 3,
      },
      "id": "golden-brineback-cast/pond/0",
      "log": [
        {
          "actor": "own",
          "burn": 0,
          "dmg": 10,
          "move": "strike",
          "mult": 1,
          "skipped": false,
        },
      ],
      "outcome": "victory",
      "source": "pond",
      "turn": 3,
      "wild": {
        "anchor": null,
        "charges": {
          "mist-veil": 2,
          "soak": 3,
          "tide-lash": 5,
        },
        "guard": false,
        "hp": 0,
        "id": "golden-brineback-cast/pond/0/creature",
        "nick": "",
        "species": "tidefin",
        "statuses": [],
        "xp": 0,
      },
    },
    "own": {
      "anchor": null,
      "charges": {
        "barnacle-bash": 2,
        "brine-jet": 4,
        "shell-up": 2,
      },
      "guard": false,
      "hp": 34,
      "id": "golden-brineback-cast/starter",
      "nick": "",
      "species": "brineback",
      "statuses": [],
      "xp": 46,
    },
    "source": "cast",
    "species": "brineback",
    "turn": 2,
  },
]
`;
